Using device: cuda
Detected 6 unique label classes: [0.0, 1.0, 2.0, 3.0, 4.0, 5.0]
Found 211 image–label pairs.

--- Epoch 1/100 ---
Train Loss: 2.2040
Validation Mean Dice (no BG): 0.2482
Saved best model (Val Dice = 0.2482)

--- Epoch 2/100 ---
Train Loss: 1.9314
Validation Mean Dice (no BG): 0.3735
Saved best model (Val Dice = 0.3735)

--- Epoch 3/100 ---
Train Loss: 1.7623
Validation Mean Dice (no BG): 0.4298
Saved best model (Val Dice = 0.4298)

--- Epoch 4/100 ---
Train Loss: 1.6216
Validation Mean Dice (no BG): 0.4586
Saved best model (Val Dice = 0.4586)

--- Epoch 5/100 ---
Train Loss: 1.5203
Validation Mean Dice (no BG): 0.4656
Saved best model (Val Dice = 0.4656)

--- Epoch 6/100 ---
Train Loss: 1.4113
Validation Mean Dice (no BG): 0.4661
Saved best model (Val Dice = 0.4661)

--- Epoch 7/100 ---
Train Loss: 1.3348
Validation Mean Dice (no BG): 0.5105
Saved best model (Val Dice = 0.5105)

--- Epoch 8/100 ---
Train Loss: 1.2663
Validation Mean Dice (no BG): 0.5331
Saved best model (Val Dice = 0.5331)

--- Epoch 9/100 ---
Train Loss: 1.2156
Validation Mean Dice (no BG): 0.5391
Saved best model (Val Dice = 0.5391)

--- Epoch 10/100 ---
Train Loss: 1.1466
Validation Mean Dice (no BG): 0.5400
Saved best model (Val Dice = 0.5400)

--- Epoch 11/100 ---
Train Loss: 1.0981
Validation Mean Dice (no BG): 0.6193
Saved best model (Val Dice = 0.6193)

--- Epoch 12/100 ---
Train Loss: 1.0616
Validation Mean Dice (no BG): 0.6032

--- Epoch 13/100 ---
Train Loss: 1.0162
Validation Mean Dice (no BG): 0.6066

--- Epoch 14/100 ---
Train Loss: 1.0100
Validation Mean Dice (no BG): 0.5678

--- Epoch 15/100 ---
Train Loss: 0.9727
Validation Mean Dice (no BG): 0.6022

--- Epoch 16/100 ---
Train Loss: 0.9174
Validation Mean Dice (no BG): 0.6381
Saved best model (Val Dice = 0.6381)

--- Epoch 17/100 ---
Train Loss: 0.9053
Validation Mean Dice (no BG): 0.5946

--- Epoch 18/100 ---
Train Loss: 0.8815
Validation Mean Dice (no BG): 0.6825
Saved best model (Val Dice = 0.6825)

--- Epoch 19/100 ---
Train Loss: 0.8733
Validation Mean Dice (no BG): 0.6980
Saved best model (Val Dice = 0.6980)

--- Epoch 20/100 ---
Train Loss: 0.8311
Validation Mean Dice (no BG): 0.7174
Saved best model (Val Dice = 0.7174)

--- Epoch 21/100 ---
Train Loss: 0.8348
Validation Mean Dice (no BG): 0.6926

--- Epoch 22/100 ---
Train Loss: 0.8166
Validation Mean Dice (no BG): 0.7216
Saved best model (Val Dice = 0.7216)

--- Epoch 23/100 ---
Train Loss: 0.7833
Validation Mean Dice (no BG): 0.7722
Saved best model (Val Dice = 0.7722)

--- Epoch 24/100 ---
Train Loss: 0.7849
Validation Mean Dice (no BG): 0.7893
Saved best model (Val Dice = 0.7893)

--- Epoch 25/100 ---
Train Loss: 0.7753
Validation Mean Dice (no BG): 0.7937
Saved best model (Val Dice = 0.7937)

--- Epoch 26/100 ---
Train Loss: 0.7543
Validation Mean Dice (no BG): 0.8328
Saved best model (Val Dice = 0.8328)

--- Epoch 27/100 ---
Train Loss: 0.7349
Validation Mean Dice (no BG): 0.8361
Saved best model (Val Dice = 0.8361)

--- Epoch 28/100 ---
Train Loss: 0.7107
Validation Mean Dice (no BG): 0.8512
Saved best model (Val Dice = 0.8512)

--- Epoch 29/100 ---
Train Loss: 0.7153
Validation Mean Dice (no BG): 0.8479

--- Epoch 30/100 ---
Train Loss: 0.6804
Validation Mean Dice (no BG): 0.8342

--- Epoch 31/100 ---
Train Loss: 0.6823
Validation Mean Dice (no BG): 0.8584
Saved best model (Val Dice = 0.8584)

--- Epoch 32/100 ---
Train Loss: 0.6518
Validation Mean Dice (no BG): 0.8071

--- Epoch 33/100 ---
Train Loss: 0.6443
Validation Mean Dice (no BG): 0.7990

--- Epoch 34/100 ---
Train Loss: 0.6484
Validation Mean Dice (no BG): 0.8013

--- Epoch 35/100 ---
Train Loss: 0.6707
Validation Mean Dice (no BG): 0.7972

--- Epoch 36/100 ---
Train Loss: 0.6358
Validation Mean Dice (no BG): 0.8706
Saved best model (Val Dice = 0.8706)

--- Epoch 37/100 ---
Train Loss: 0.6138
Validation Mean Dice (no BG): 0.8195

--- Epoch 38/100 ---
Train Loss: 0.6095
Validation Mean Dice (no BG): 0.8390

--- Epoch 39/100 ---
Train Loss: 0.6084
Validation Mean Dice (no BG): 0.8502

--- Epoch 40/100 ---
Train Loss: 0.6083
Validation Mean Dice (no BG): 0.8700

--- Epoch 41/100 ---
Train Loss: 0.5804
Validation Mean Dice (no BG): 0.8272

--- Epoch 42/100 ---
Train Loss: 0.5930
Validation Mean Dice (no BG): 0.8271

--- Epoch 43/100 ---
Train Loss: 0.5808
Validation Mean Dice (no BG): 0.8389

--- Epoch 44/100 ---
Train Loss: 0.5559
Validation Mean Dice (no BG): 0.8572

--- Epoch 45/100 ---
Train Loss: 0.5660
Validation Mean Dice (no BG): 0.8530

--- Epoch 46/100 ---
Train Loss: 0.5520
Validation Mean Dice (no BG): 0.8900
Saved best model (Val Dice = 0.8900)

--- Epoch 47/100 ---
Train Loss: 0.5560
Validation Mean Dice (no BG): 0.8791

--- Epoch 48/100 ---
Train Loss: 0.5486
Validation Mean Dice (no BG): 0.8660

--- Epoch 49/100 ---
Train Loss: 0.5400
Validation Mean Dice (no BG): 0.8394

--- Epoch 50/100 ---
Train Loss: 0.5323
Validation Mean Dice (no BG): 0.8862

--- Epoch 51/100 ---
Train Loss: 0.5465
Validation Mean Dice (no BG): 0.8939
Saved best model (Val Dice = 0.8939)

--- Epoch 52/100 ---
Train Loss: 0.5255
Validation Mean Dice (no BG): 0.8859

--- Epoch 53/100 ---
Train Loss: 0.5311
Validation Mean Dice (no BG): 0.8716

--- Epoch 54/100 ---
Train Loss: 0.5231
Validation Mean Dice (no BG): 0.8914

--- Epoch 55/100 ---
Train Loss: 0.5251
Validation Mean Dice (no BG): 0.8910

--- Epoch 56/100 ---
Train Loss: 0.5074
Validation Mean Dice (no BG): 0.8302

--- Epoch 57/100 ---
Train Loss: 0.5147
Validation Mean Dice (no BG): 0.8856

--- Epoch 58/100 ---
Train Loss: 0.5273
Validation Mean Dice (no BG): 0.8714

--- Epoch 59/100 ---
Train Loss: 0.5088
Validation Mean Dice (no BG): 0.8754

--- Epoch 60/100 ---
Train Loss: 0.4898
Validation Mean Dice (no BG): 0.8706

--- Epoch 61/100 ---
Train Loss: 0.5094
Validation Mean Dice (no BG): 0.8891

--- Epoch 62/100 ---
Train Loss: 0.4961
Validation Mean Dice (no BG): 0.8948
Saved best model (Val Dice = 0.8948)

--- Epoch 63/100 ---
Train Loss: 0.4896
Validation Mean Dice (no BG): 0.8883

--- Epoch 64/100 ---
Train Loss: 0.4951
Validation Mean Dice (no BG): 0.8535

--- Epoch 65/100 ---
Train Loss: 0.4910
Validation Mean Dice (no BG): 0.8722

--- Epoch 66/100 ---
Train Loss: 0.4829
Validation Mean Dice (no BG): 0.8917

--- Epoch 67/100 ---
Train Loss: 0.4916
Validation Mean Dice (no BG): 0.8880

--- Epoch 68/100 ---
Train Loss: 0.4816
Validation Mean Dice (no BG): 0.9008
Saved best model (Val Dice = 0.9008)

--- Epoch 69/100 ---
Train Loss: 0.4852
Validation Mean Dice (no BG): 0.8911

--- Epoch 70/100 ---
Train Loss: 0.4748
Validation Mean Dice (no BG): 0.9006

--- Epoch 71/100 ---
Train Loss: 0.4746
Validation Mean Dice (no BG): 0.9057
Saved best model (Val Dice = 0.9057)

--- Epoch 72/100 ---
Train Loss: 0.4813
Validation Mean Dice (no BG): 0.9025

--- Epoch 73/100 ---
Train Loss: 0.4627
Validation Mean Dice (no BG): 0.9002

--- Epoch 74/100 ---
Train Loss: 0.4768
Validation Mean Dice (no BG): 0.8620

--- Epoch 75/100 ---
Train Loss: 0.4810
Validation Mean Dice (no BG): 0.8975

--- Epoch 76/100 ---
Train Loss: 0.4721
Validation Mean Dice (no BG): 0.9047

--- Epoch 77/100 ---
Train Loss: 0.4749
Validation Mean Dice (no BG): 0.8857

--- Epoch 78/100 ---
Train Loss: 0.4628
Validation Mean Dice (no BG): 0.8878

--- Epoch 79/100 ---
Train Loss: 0.4740
Validation Mean Dice (no BG): 0.8966

--- Epoch 80/100 ---
Train Loss: 0.4716
Validation Mean Dice (no BG): 0.8933

--- Epoch 81/100 ---
Train Loss: 0.4535
Validation Mean Dice (no BG): 0.8899

--- Epoch 82/100 ---
Train Loss: 0.4581
Validation Mean Dice (no BG): 0.9055

--- Epoch 83/100 ---
Train Loss: 0.4749
Validation Mean Dice (no BG): 0.9080
Saved best model (Val Dice = 0.9080)

--- Epoch 84/100 ---
Train Loss: 0.4408
Validation Mean Dice (no BG): 0.8771

--- Epoch 85/100 ---
Train Loss: 0.4545
Validation Mean Dice (no BG): 0.8861

--- Epoch 86/100 ---
Train Loss: 0.4600
Validation Mean Dice (no BG): 0.9030

--- Epoch 87/100 ---
Train Loss: 0.4373
Validation Mean Dice (no BG): 0.8948

--- Epoch 88/100 ---
Train Loss: 0.4501
Validation Mean Dice (no BG): 0.9070

--- Epoch 89/100 ---
Train Loss: 0.4559
Validation Mean Dice (no BG): 0.9114
Saved best model (Val Dice = 0.9114)

--- Epoch 90/100 ---
Train Loss: 0.4589
Validation Mean Dice (no BG): 0.9080

--- Epoch 91/100 ---
Train Loss: 0.4560
Validation Mean Dice (no BG): 0.9030

--- Epoch 92/100 ---
Train Loss: 0.4611
Validation Mean Dice (no BG): 0.8925

--- Epoch 93/100 ---
Train Loss: 0.4501
Validation Mean Dice (no BG): 0.8825

--- Epoch 94/100 ---
Train Loss: 0.4591
Validation Mean Dice (no BG): 0.8876

--- Epoch 95/100 ---
Train Loss: 0.4418
Validation Mean Dice (no BG): 0.8955

--- Epoch 96/100 ---
Train Loss: 0.4330
Validation Mean Dice (no BG): 0.8992

--- Epoch 97/100 ---
Train Loss: 0.4394
Validation Mean Dice (no BG): 0.8928

--- Epoch 98/100 ---
Train Loss: 0.4423
Validation Mean Dice (no BG): 0.9068

--- Epoch 99/100 ---
Train Loss: 0.4382
Validation Mean Dice (no BG): 0.9056

--- Epoch 100/100 ---
Train Loss: 0.4353
Validation Mean Dice (no BG): 0.8971

Training complete. Best validation Mean Dice (no BG): 0.9114

Evaluating final Dice score per class on validation set...

--- Final Per-Class Dice Scores ---
Background: 0.9965
Body Outline: 0.9857
Bone: 0.9265
Bladder: 0.9445
Rectum: 0.8733
Prostate: 0.8272

Mean Dice (no BG): 0.9114

Saved final Dice scores to runs/Custom_UNet3D/final_dice_score.txt
